// Jest Snapshot v1, https://goo.gl/fbAQLP

exports[`Backdrop component should render correctly with default props 1`] = `
<div>
  <div
    class="  false backdrop showBackdrop"
  />
</div>
`;
